// Jest Snapshot v1, https://goo.gl/fbAQLP

exports[`matches snapshot 1`] = `
<DocumentFragment>
  <div>
    <button
      class="flipButton"
      data-testid="button"
    >
      FLIP
    </button>
    <p>
      Out of 0 flips, there have been 0 heads and 0 tails.
    </p>
  </div>
</DocumentFragment>
`;

exports[`shows a coin 1`] = `
<DocumentFragment>
  <div>
    <button
      class="flipButton"
      data-testid="button"
    >
      FLIP
    </button>
    <p>
      Out of 0 flips, there have been 0 heads and 0 tails.
    </p>
  </div>
</DocumentFragment>
`;
